============================= test session starts =============================
platform win32 -- Python 3.14.3, pytest-9.0.3, pluggy-1.6.0
benchmark: 5.2.3 (defaults: timer=time.perf_counter disable_gc=False min_rounds=5 min_time=0.000005 max_time=1.0 calibration_precision=10 warmup=False warmup_iterations=100000)
rootdir: C:\files\git\github\coreason-ai\coreason-manifest
configfile: pyproject.toml
testpaths: tests
plugins: anyio-4.13.0, hypothesis-6.151.9, asyncio-1.3.0, benchmark-5.2.3, cov-7.0.0, xdist-3.8.0, syrupy-5.1.0
asyncio: mode=Mode.AUTO, debug=False, asyncio_default_fixture_loop_scope=None, asyncio_default_test_loop_scope=function
collected 2570 items

tests\algebra\test_core_algebra.py ..................................... [  1%]
....                                                                     [  1%]
tests\algebra\test_properties.py ...                                     [  1%]
tests\ontology\test_auto_construct.py .................................. [  3%]
........................................................................ [  5%]
........................................................................ [  8%]
........................................................................ [ 11%]
........................................................................ [ 14%]
........................................................................ [ 17%]
........................................................................ [ 19%]
........................................................................ [ 22%]
........................................................................ [ 25%]
........................................................................ [ 28%]
........................................................................ [ 31%]
........................................................................ [ 33%]
........................................................................ [ 36%]
........................................................................ [ 39%]
........................................................................ [ 42%]
...............................................                          [ 44%]
tests\ontology\test_auto_discovery.py .................................. [ 45%]
........................................................................ [ 48%]
........................................................................ [ 51%]
........................................................................ [ 53%]
........................................................................ [ 56%]
........................................................................ [ 59%]
........................................................................ [ 62%]
........................................................................ [ 65%]
........................................................................ [ 67%]
........................................................................ [ 70%]
..........................................................s........s..s. [ 73%]
.......ss.........................................................s..... [ 76%]
.......................................ss........s...................... [ 79%]
............................s...............s........................... [ 81%]
....................ss..s...........s...........................s....... [ 84%]
...............................................                          [ 86%]
tests\ontology\test_base_state.py ........................               [ 87%]
tests\ontology\test_bulk_coverage.py ..............................      [ 88%]
tests\ontology\test_cognitive_routing.py .......                         [ 88%]
tests\ontology\test_dag_topology_manifest.py .............               [ 89%]
tests\ontology\test_dag_utilities.py ..............                      [ 89%]
tests\ontology\test_dynamic_layout_ast.py .........                      [ 90%]
tests\ontology\test_economics_market.py ...........                      [ 90%]
tests\ontology\test_enums.py ...........                                 [ 91%]
tests\ontology\test_epistemic_ledger.py .....................            [ 91%]
tests\ontology\test_extensive_models.py .............................    [ 93%]
tests\ontology\test_final_push.py ......                                 [ 93%]
tests\ontology\test_last_mile.py ...............                         [ 93%]
tests\ontology\test_mcp_protocols.py ...........                         [ 94%]
tests\ontology\test_schemas.py ..                                        [ 94%]
tests\ontology\test_security_federated.py ...........                    [ 94%]
tests\ontology\test_spatial_geometry.py .......................          [ 95%]
tests\ontology\test_stochastic_topology.py ...........                   [ 96%]
tests\ontology\test_targeted_gaps.py .............                       [ 96%]
tests\ontology\test_temporal_discourse.py ................               [ 97%]
tests\ontology\test_thermodynamics.py ................                   [ 97%]
tests\ontology\test_topology_macros.py ..................                [ 98%]
tests\ontology\test_trace_and_envelope.py ..........                     [ 98%]
tests\ontology\test_validator_coverage.py ..............                 [ 99%]
tests\ontology\test_zero_required.py .............                       [100%]

=============================== tests coverage ================================
_______________ coverage: platform win32, python 3.14.3-final-0 _______________

Name                                     Stmts   Miss  Cover   Missing
----------------------------------------------------------------------
src\coreason_manifest\__init__.py            4      0   100%
src\coreason_manifest\spec\__init__.py       2      0   100%
src\coreason_manifest\spec\ontology.py    4214    218    95%   43-44, 518, 523, 528, 1521-1525, 1565, 1620, 1770-1771, 1965-1967, 2071-2072, 2077-2078, 2083-2084, 2687-2689, 2748, 2909, 3314, 3316-3317, 4076-4077, 4302-4305, 4358, 4470, 4704, 4886, 4888, 4892-4896, 4971-4972, 5272-5273, 5917, 6258-6259, 6410-6414, 6535-6536, 6546, 6580-6581, 6866, 6975-6979, 7049, 7124-7125, 7251, 7395-7399, 7450-7451, 8044-8047, 8243-8248, 8253-8257, 8270-8274, 8451, 8500, 8503, 8604-8607, 8642, 8713, 8747-8751, 8862, 8870, 8880-8882, 8915-8916, 8953-8954, 8988-8990, 9152, 9421-9426, 9492-9493, 10099-10101, 10171, 10392-10396, 10485-10490, 10633, 10640, 10670-10673, 10881-10885, 11053, 11137, 11142-11143, 11195-11201, 11298-11300, 11518, 11824, 11876-11879, 11928, 11992-11996, 12000-12004, 12047-12051, 12055-12067, 12134, 12140, 12363-12369, 12424-12427, 12485-12487, 12548, 13040, 13042, 13140-13150, 13155-13161, 13266-13276, 13412, 13812, 13819, 13955-13959, 14023-14024, 14069, 14106, 14399, 14448-14454, 14493, 14495, 14696-14700, 14748-14750, 15276-15280, 15298, 15305, 15309
src\coreason_manifest\utils\algebra.py     189      8    96%   282-283, 333-339
----------------------------------------------------------------------
TOTAL                                     4409    226    95%
Coverage XML written to file coverage.xml
FAIL Required test coverage of 95% not reached. Total coverage: 94.87%
====================== 2554 passed, 16 skipped in 21.17s ======================
