# serializer version: 1
# name: test_custody_record_snapshot
  '{"record_id":"rec_1","source_node_id":"did:web:node_1","applied_policy_id":"pol_1","pre_redaction_hash":"e3b0c44298fc1c149afbf4c8996fb92427ae41e4649b934ca495991b7852b855","post_redaction_hash":"e3b0c44298fc1c149afbf4c8996fb92427ae41e4649b934ca495991b7852b855","redaction_timestamp_unix_nano":1700000000000000000}'
# ---
# name: test_epistemic_ledger_snapshot
  '{"trace_id":"trace_1","node_id":"did:web:node_1","events":[{"event_id":"evt_1","timestamp":1700000000.0,"type":"belief_update","payload":{"semantic_node":{"node_id":"did:web:node_1","label":"Person","scope":"tenant","text_chunk":"John Doe","provenance":{"extracted_by":"did:web:agent_1","source_event_id":"evt_0","multimodal_anchor":{"bounding_box":[10.5,20.0,100.5,200.0],"block_type":"figure"}}},"semantic_edge":{"edge_id":"edge_1","subject_node_id":"did:web:node_1","object_node_id":"did:web:node_2","confidence_score":0.85,"predicate":"WORKS_FOR"}},"source_node_id":"did:web:node_1","causal_attributions":[]}],"parent_hash":"hash1","merkle_root":"hash2"}'
# ---
# name: test_fractal_router_snapshot
  '{"manifest_version":"1.0.0","topology":{"lifecycle_phase":"live","nodes":{"did:web:comp_1":{"description":"Outer topology","intervention_policies":[],"type":"composite","topology":{"lifecycle_phase":"live","nodes":{"did:web:adj_1":{"description":"The adjudicator","intervention_policies":[],"type":"system"}},"type":"council","adjudicator_id":"did:web:adj_1","consensus_policy":{"strategy":"debate_rounds","max_debate_rounds":3}},"input_mappings":[],"output_mappings":[]}},"type":"dag","edges":[],"allow_cycles":false},"tenant_id":"tenant_acme_corp","session_id":"session_98765"}'
# ---
